// Jest Snapshot v1, https://goo.gl/fbAQLP

exports[`<Layout /> Component renders correctly 1`] = `
<aux>
  <mainNavigation />
  <div
    className="content"
  >
    <div
      className="container main-content"
    >
      <main />
    </div>
    <backDrop
      active={false}
      click={[Function]}
      id="GettingStartedBackdrop"
    />
  </div>
</aux>
`;
