// Jest Snapshot v1, https://goo.gl/fbAQLP

exports[`<GettingStarted /> renders correctly 1`] = `
<withRouter(UserRegistrationForm)
  handleReadyToLogin={[Function]}
/>
`;

exports[`<GettingStarted /> renders user sign up form as the default form 1`] = `
<div
  className="Modal invisible"
>
  <p>
    Register a user account
  </p>
  <span />
  <div
    style={
      Object {
        "alignItems": "center",
        "display": "flex",
        "justifyContent": "center",
        "margin": "15px 0",
      }
    }
  >
    <div
      style={
        Object {
          "alignItems": "center",
          "display": "flex",
          "justifyContent": "center",
        }
      }
    >
      Already have an account?
    </div>
    <div
      className="Button dark"
      onClick={[Function]}
    >
       
      Login
    </div>
  </div>
  <article
    className="form_container"
  >
    <form
      onSubmit={[Function]}
    >
      <fieldset
        key="usrreg1"
      >
        <legend
          key="Basic and Contact Data"
        >
          Basic and Contact Data
        </legend>
        <input
          key="first_name"
          name="first_name"
          onChange={[Function]}
          placeholder="First Name"
          type="text"
          value=""
        />
        <input
          key="last_name"
          name="last_name"
          onChange={[Function]}
          placeholder="Last Name"
          type="text"
          value=""
        />
        <select
          name="gender"
          onChange={[Function]}
        >
          <option
            disabled={true}
            hidden={true}
            selected={true}
            value=""
          >
            Select Gender...
          </option>
          <option
            value="Male"
          >
            Male
          </option>
          <option
            value="Female"
          >
            Female
          </option>
        </select>
        <input
          key="email"
          name="email"
          onChange={[Function]}
          placeholder="Email"
          type="email"
          value=""
        />
        <input
          key="mobile"
          name="mobile"
          onChange={[Function]}
          placeholder="254700000000"
          type="text"
          value=""
        />
      </fieldset>
      <fieldset
        key="usrreg2"
      >
        <legend
          key="Login Details"
        >
          Login Details
        </legend>
        <input
          key="username"
          name="username"
          onChange={[Function]}
          placeholder="Username"
          type="text"
          value=""
        />
        <input
          key="password"
          name="password"
          onChange={[Function]}
          placeholder="Password"
          type="password"
          value=""
        />
      </fieldset>
      <fieldset
        key="usrreg3"
      >
        <input
          key="submit"
          name="submit"
          onChange={[Function]}
          type="submit"
          value="Submit"
        />
      </fieldset>
    </form>
  </article>
</div>
`;
